12
-,-,-/Nguyen Hoang,0.08,4.8/-,-,-/-,-,-/-,-,-/-,-,-/-,-,-/-,-,-/-,-,-/-,-,-/-,-,-/-,-,-
Nguyen Hoang,0.08,4.8/-,-,-/Nguyen Hoang,1.2,5.14/-,-,-/-,-,-/-,-,-/-,-,-/-,-,-/-,-,-/-,-,-/-,-,-/-,-,-
-,-,-/Nguyen Hoang,1.2,5.14/-,-,-/Luong Dinh Cua,2,5/-,-,-/-,-,-/-,-,-/-,-,-/-,-,-/-,-,-/-,-,-/-,-,-
-,-,-/-,-,-/Luong Dinh Cua,2,5/-,-,-/Luong Dinh Cua,1.1,4.71/-,-,-/-,-,-/Tran Nao,1.2,4.8/-,-,-/-,-,-/-,-,-/-,-,-
-,-,-/-,-,-/-,-,-/Luong Dinh Cua,1.1,4.71/-,-,-/Luong Dinh Cua,1,5/Tran Van Khe,0.9,4.91/-,-,-/-,-,-/-,-,-/-,-,-/-,-,-
-,-,-/-,-,-/-,-,-/-,-,-/Luong Dinh Cua,1,5/-,-,-/-,-,-/-,-,-/-,-,-/-,-,-/-,-,-/-,-,-
-,-,-/-,-,-/-,-,-/-,-,-/Tran Van Khe,0.9,4.91/-,-,-/-,-,-/Mai Chi Tho,0.75,5/-,-,-/-,-,-/-,-,-/-,-,-
-,-,-/-,-,-/-,-,-/Tran Nao,1.2,4.8/-,-,-/-,-,-/Mai Chi Tho,0.65,4.875/-,-,-/Mai Chi Tho,3.1,4.89/-,-,-/-,-,-/-,-,-
-,-,-/-,-,-/-,-,-/-,-,-/-,-,-/-,-,-/-,-,-/Mai Chi Tho,3.1,4.89/-,-,-/Dong Van Cong,1.3,4.59/-,-,-/-,-,-
-,-,-/-,-,-/-,-,-/-,-,-/-,-,-/-,-,-/-,-,-/-,-,-/Dong Van Cong,1.3,4.875/-,-,-/Ta Hien,0.5,4.29/Dong Van Cong,2.1,5
-,-,-/-,-,-/-,-,-/-,-,-/-,-,-/-,-,-/-,-,-/-,-,-/-,-,-/Ta Hien,0.5,4.29/-,-,-/-,-,-
-,-,-/-,-,-/-,-,-/-,-,-/-,-,-/-,-,-/-,-,-/-,-,-/-,-,-/Dong Van Cong,2,5/-,-,-/-,-,-