16
-,-,-/Nguyen Hoang,0.08,4.8/-,-,-/-,-,-/-,-,-/-,-,-/-,-,-/-,-,-/-,-,-/-,-,-/-,-,-/-,-,-/-,-,-/-,-,-/-,-,-/Xa lo Ha Noi,0.85,5.1
Nguyen Hoang,0.08,4.8/-,-,-/Nguyen Hoang,1.2,5.14/-,-,-/-,-,-/-,-,-/-,-,-/-,-,-/-,-,-/-,-,-/-,-,-/-,-,-/-,-,-/-,-,-/-,-,-/Song Hanh,0.85,4.63
-,-,-/Nguyen Hoang,1.2,5.14/-,-,-/-,-,-/-,-,-/-,-,-/Luong Dinh Cua,0.7,4.67/-,-,-/-,-,-/-,-,-/-,-,-/-,-,-/-,-,-/-,-,-/-,-,-/-,-,-
-,-,-/-,-,-/-,-,-/-,-,-/Dong Van Cong,1.3,4.59/-,-,-/Mai Chi Tho,0.95,4.75/-,-,-/-,-,-/-,-,-/-,-,-/-,-,-/-,-,-/-,-,-/-,-,-/-,-,-
-,-,-/-,-,-/-,-,-/Dong Van Cong,1.3,4.875/-,-,-/Dong Van Cong,2.1,5/-,-,-/-,-,-/-,-,-/-,-,-/-,-,-/-,-,-/-,-,-/-,-,-/-,-,-/-,-,-
-,-,-/-,-,-/-,-,-/-,-,-/Dong Van Cong,2,5/-,-,-/-,-,-/-,-,-/-,-,-/-,-,-/Nguyen Thi Dinh,1.5,5/Le Van Thinh,1.1,5.08/-,-,-/-,-,-/-,-,-/-,-,-
-,-,-/-,-,-/Luong Dinh Cua,0.7,4.67/Mai Chi Tho,0.5,4.29/-,-,-/-,-,-/-,-,-/Nguyen Thi Dinh,0.6,4.5/-,-,-/-,-,-/-,-,-/-,-,-/-,-,-/-,-,-/-,-,-/-,-,-
-,-,-/-,-,-/-,-,-/-,-,-/-,-,-/-,-,-/Nguyen Thi Dinh,0.6,4.5/-,-,-/Nguyen Thi Dinh,0.35,4.2/-,-,-/-,-,-/-,-,-/-,-,-/Nguyen Duy Trinh,0.8,4.0/-,-,-/-,-,-
-,-,-/-,-,-/-,-,-/-,-,-/-,-,-/-,-,-/-,-,-/Nguyen Thi Dinh,0.35,5.25/-,-,-/Nguyen Thi Dinh,0.29,4.35/-,-,-/-,-,-/-,-,-/-,-,-/-,-,-/-,-,-
-,-,-/-,-,-/-,-,-/-,-,-/-,-,-/-,-,-/-,-,-/-,-,-/Nguyen Thi Dinh,0.29,4.35/-,-,-/Nguyen Thi Dinh,0.45,5.4/-,-,-/-,-,-/-,-,-/So 6,0.7,5.25/-,-,-
-,-,-/-,-,-/-,-,-/-,-,-/-,-,-/Nguyen Thi Dinh,1.5,5/-,-,-/-,-,-/-,-,-/Nguyen Thi Dinh,0.45,5.4/-,-,-/Binh Trung,1.3,5.2/-,-,-/-,-,-/-,-,-/-,-,-
-,-,-/-,-,-/-,-,-/-,-,-/-,-,-/Le Van Thinh,1.1,5.08/-,-,-/-,-,-/-,-,-/-,-,-/Binh Trung,1.3,5.2/-,-,-/Le Van Thinh,0.7,4.2/-,-,-/-,-,-/-,-,-
-,-,-/-,-,-/-,-,-/-,-,-/-,-,-/-,-,-/-,-,-/-,-,-/-,-,-/-,-,-/-,-,-/Le Van Thinh,0.7,4.2/-,-,-/Nguyen Duy Trinh,0.85,4.25/-,-,-/-,-,-
-,-,-/-,-,-/-,-,-/-,-,-/-,-,-/-,-,-/-,-,-/Nguyen Duy Trinh,0.8,4.0/-,-,-/-,-,-/-,-,-/-,-,-/Nguyen Duy Trinh,0.85,4.25/-,-,-/Nguyen Tu Nghiem,0.26,5.2/-,-,-
-,-,-/-,-,-/-,-,-/-,-,-/-,-,-/-,-,-/-,-,-/-,-,-/-,-,-/So 6,0.7,5.25/-,-,-/-,-,-/-,-,-/Nguyen Tu Nghiem,0.26,5.2/-,-,-/-,-,-
-,-,-/-,-,-/-,-,-/-,-,-/-,-,-/-,-,-/Mai Chi Tho,1.7,4.86/-,-,-/-,-,-/-,-,-/-,-,-/-,-,-/-,-,-/-,-,-/-,-,-/-,-,-